(base) PS F:\Programação e projetos\ONE - ALURA\One Alura projetos\3386-git-github-projeto_inicial> git log
commit 5921284d2d601457a08ec700f0f0ed853195a285 (HEAD -> main, origin/main)
Author: fabioauriani <fabioauriani@gmail.com>
Author: fabioauriani <fabioauriani@gmail.com>

commit 5921284d2d601457a08ec700f0f0ed853195a285 (HEAD -> main, origin/main)
commit 5921284d2d601457a08ec700f0f0ed853195a285 (HEAD -> main, origin/main)
commit 5921284d2d601457a08ec700f0f0ed853195a285 (HEAD -> main, origin/main)
commit 5921284d2d601457a08ec700f0f0ed853195a285 (HEAD -> main, origin/main)
commit 5921284d2d601457a08ec700f0f0ed853195a285 (HEAD -> main, origin/main)
commit 5921284d2d601457a08ec700f0f0ed853195a285 (HEAD -> main, origin/main)
commit 5921284d2d601457a08ec700f0f0ed853195a285 (HEAD -> main, origin/main)
commit 5921284d2d601457a08ec700f0f0ed853195a285 (HEAD -> main, origin/main)
commit 5921284d2d601457a08ec700f0f0ed853195a285 (HEAD -> main, origin/main)
Author: fabioauriani <fabioauriani@gmail.com>
Date:   Thu Jan 30 19:32:31 2025 -0300
Date:   Thu Jan 30 19:32:31 2025 -0300

commit 5921284d2d601457a08ec700f0f0ed853195a285 (HEAD -> main, origin/main)
commit 5921284d2d601457a08ec700f0f0ed853195a285 (HEAD -> main, origin/main)
commit 5921284d2d601457a08ec700f0f0ed853195a285 (HEAD -> main, origin/main)
commit 5921284d2d601457a08ec700f0f0ed853195a285 (HEAD -> main, origin/main)
commit 5921284d2d601457a08ec700f0f0ed853195a285 (HEAD -> main, origin/main)
commit 5921284d2d601457a08ec700f0f0ed853195a285 (HEAD -> main, origin/main)
commit 5921284d2d601457a08ec700f0f0ed853195a285 (HEAD -> main, origin/main)
commit 5921284d2d601457a08ec700f0f0ed853195a285 (HEAD -> main, origin/main)
commit 5921284d2d601457a08ec700f0f0ed853195a285 (HEAD -> main, origin/main)
commit 5921284d2d601457a08ec700f0f0ed853195a285 (HEAD -> main, origin/main)
commit 5921284d2d601457a08ec700f0f0ed853195a285 (HEAD -> main, origin/main)
commit 5921284d2d601457a08ec700f0f0ed853195a285 (HEAD -> main, origin/main)
Author: fabioauriani <fabioauriani@gmail.com>
Date:   Thu Jan 30 19:32:31 2025 -0300

    Revert "alteração6"

    This reverts commit fc2ce1e76893d09c168fee96526386c884a864a8.

(base) PS F:\Programação e projetos\ONE - ALURA\One Alura projetos\3386-git-github-projeto_inicial> git log
commit 34644785be27697490fe5ee22f9651a622268c32 (HEAD -> main, origin/main)
Author: fabioauriani <fabioauriani@gmail.com>
Date:   Thu Jan 30 19:37:45 2025 -0300

    apagar h1

commit 5921284d2d601457a08ec700f0f0ed853195a285
Author: fabioauriani <fabioauriani@gmail.com>
commit 34644785be27697490fe5ee22f9651a622268c32 (HEAD -> main, origin/main)
Author: fabioauriani <fabioauriani@gmail.com>
Date:   Thu Jan 30 19:37:45 2025 -0300

    apagar h1

commit 5921284d2d601457a08ec700f0f0ed853195a285
Author: fabioauriani <fabioauriani@gmail.com>
Date:   Thu Jan 30 19:32:31 2025 -0300
:...skipping...
commit 34644785be27697490fe5ee22f9651a622268c32 (HEAD -> main, origin/main)
Author: fabioauriani <fabioauriani@gmail.com>
Date:   Thu Jan 30 19:37:45 2025 -0300

    apagar h1

commit 5921284d2d601457a08ec700f0f0ed853195a285
Author: fabioauriani <fabioauriani@gmail.com>
Date:   Thu Jan 30 19:32:31 2025 -0300

:...skipping...
commit 34644785be27697490fe5ee22f9651a622268c32 (HEAD -> main, origin/main)
Author: fabioauriani <fabioauriani@gmail.com>
Date:   Thu Jan 30 19:37:45 2025 -0300

    apagar h1

commit 5921284d2d601457a08ec700f0f0ed853195a285
Author: fabioauriani <fabioauriani@gmail.com>
Date:   Thu Jan 30 19:32:31 2025 -0300

    Revert "alteração6"
:...skipping...
commit 34644785be27697490fe5ee22f9651a622268c32 (HEAD -> main, origin/main)
Author: fabioauriani <fabioauriani@gmail.com>
Date:   Thu Jan 30 19:37:45 2025 -0300

    apagar h1

commit 5921284d2d601457a08ec700f0f0ed853195a285
Author: fabioauriani <fabioauriani@gmail.com>
Date:   Thu Jan 30 19:32:31 2025 -0300

    Revert "alteração6"

commit 34644785be27697490fe5ee22f9651a622268c32 (HEAD -> main, origin/main)
Author: fabioauriani <fabioauriani@gmail.com>
Date:   Thu Jan 30 19:37:45 2025 -0300

    apagar h1

commit 5921284d2d601457a08ec700f0f0ed853195a285
Author: fabioauriani <fabioauriani@gmail.com>
Date:   Thu Jan 30 19:32:31 2025 -0300

    Revert "alteração6"

    This reverts commit fc2ce1e76893d09c168fee96526386c884a864a8.

commit 34644785be27697490fe5ee22f9651a622268c32 (HEAD -> main, origin/main)
Author: fabioauriani <fabioauriani@gmail.com>
Date:   Thu Jan 30 19:37:45 2025 -0300

    apagar h1

commit 5921284d2d601457a08ec700f0f0ed853195a285
Author: fabioauriani <fabioauriani@gmail.com>
Date:   Thu Jan 30 19:32:31 2025 -0300

    Revert "alteração6"

    This reverts commit fc2ce1e76893d09c168fee96526386c884a864a8.

commit fc2ce1e76893d09c168fee96526386c884a864a8
commit 34644785be27697490fe5ee22f9651a622268c32 (HEAD -> main, origin/main)
Author: fabioauriani <fabioauriani@gmail.com>
Date:   Thu Jan 30 19:37:45 2025 -0300

    apagar h1

commit 5921284d2d601457a08ec700f0f0ed853195a285
Author: fabioauriani <fabioauriani@gmail.com>
Date:   Thu Jan 30 19:32:31 2025 -0300

    Revert "alteração6"

    This reverts commit fc2ce1e76893d09c168fee96526386c884a864a8.

commit fc2ce1e76893d09c168fee96526386c884a864a8
Author: fabioauriani <fabioauriani@gmail.com>
commit 34644785be27697490fe5ee22f9651a622268c32 (HEAD -> main, origin/main)
Author: fabioauriani <fabioauriani@gmail.com>
Date:   Thu Jan 30 19:37:45 2025 -0300

    apagar h1

commit 5921284d2d601457a08ec700f0f0ed853195a285
Author: fabioauriani <fabioauriani@gmail.com>
Date:   Thu Jan 30 19:32:31 2025 -0300

    Revert "alteração6"

    This reverts commit fc2ce1e76893d09c168fee96526386c884a864a8.

commit fc2ce1e76893d09c168fee96526386c884a864a8
Author: fabioauriani <fabioauriani@gmail.com>
Date:   Thu Jan 30 19:30:49 2025 -0300
commit 34644785be27697490fe5ee22f9651a622268c32 (HEAD -> main, origin/main)
Author: fabioauriani <fabioauriani@gmail.com>
Date:   Thu Jan 30 19:37:45 2025 -0300

    apagar h1

commit 5921284d2d601457a08ec700f0f0ed853195a285
Author: fabioauriani <fabioauriani@gmail.com>
Date:   Thu Jan 30 19:32:31 2025 -0300

    Revert "alteração6"

    This reverts commit fc2ce1e76893d09c168fee96526386c884a864a8.

commit fc2ce1e76893d09c168fee96526386c884a864a8
Author: fabioauriani <fabioauriani@gmail.com>
Date:   Thu Jan 30 19:30:49 2025 -0300

commit 34644785be27697490fe5ee22f9651a622268c32 (HEAD -> main, origin/main)
Author: fabioauriani <fabioauriani@gmail.com>
Date:   Thu Jan 30 19:37:45 2025 -0300

    apagar h1

commit 5921284d2d601457a08ec700f0f0ed853195a285
Author: fabioauriani <fabioauriani@gmail.com>
Date:   Thu Jan 30 19:32:31 2025 -0300

    Revert "alteração6"

    This reverts commit fc2ce1e76893d09c168fee96526386c884a864a8.

commit fc2ce1e76893d09c168fee96526386c884a864a8
Author: fabioauriani <fabioauriani@gmail.com>
Date:   Thu Jan 30 19:30:49 2025 -0300

    alteração6

commit 34644785be27697490fe5ee22f9651a622268c32 (HEAD -> main, origin/main)
Author: fabioauriani <fabioauriani@gmail.com>
Date:   Thu Jan 30 19:37:45 2025 -0300

    apagar h1

commit 5921284d2d601457a08ec700f0f0ed853195a285
Author: fabioauriani <fabioauriani@gmail.com>
Date:   Thu Jan 30 19:32:31 2025 -0300

    Revert "alteração6"

    This reverts commit fc2ce1e76893d09c168fee96526386c884a864a8.

commit fc2ce1e76893d09c168fee96526386c884a864a8
Author: fabioauriani <fabioauriani@gmail.com>
Date:   Thu Jan 30 19:30:49 2025 -0300

    alteração6

commit 34644785be27697490fe5ee22f9651a622268c32 (HEAD -> main, origin/main)
Author: fabioauriani <fabioauriani@gmail.com>
Date:   Thu Jan 30 19:37:45 2025 -0300

    apagar h1

commit 5921284d2d601457a08ec700f0f0ed853195a285
Author: fabioauriani <fabioauriani@gmail.com>
Date:   Thu Jan 30 19:32:31 2025 -0300

    Revert "alteração6"

    This reverts commit fc2ce1e76893d09c168fee96526386c884a864a8.

commit fc2ce1e76893d09c168fee96526386c884a864a8
Author: fabioauriani <fabioauriani@gmail.com>
Date:   Thu Jan 30 19:30:49 2025 -0300

    alteração6

commit e365efa84f60bcf40b100d33b186bfe53e5d6bc2
Merge: 789573b ff66e15
commit 34644785be27697490fe5ee22f9651a622268c32 (HEAD -> main, origin/main)
Author: fabioauriani <fabioauriani@gmail.com>
Date:   Thu Jan 30 19:37:45 2025 -0300

    apagar h1

commit 5921284d2d601457a08ec700f0f0ed853195a285
Author: fabioauriani <fabioauriani@gmail.com>
Date:   Thu Jan 30 19:32:31 2025 -0300

    Revert "alteração6"

    This reverts commit fc2ce1e76893d09c168fee96526386c884a864a8.

commit fc2ce1e76893d09c168fee96526386c884a864a8
Author: fabioauriani <fabioauriani@gmail.com>
Date:   Thu Jan 30 19:30:49 2025 -0300

    alteração6

commit e365efa84f60bcf40b100d33b186bfe53e5d6bc2
Merge: 789573b ff66e15
Author: fabioauriani <fabioauriani@gmail.com>
commit 34644785be27697490fe5ee22f9651a622268c32 (HEAD -> main, origin/main)
Author: fabioauriani <fabioauriani@gmail.com>
Date:   Thu Jan 30 19:37:45 2025 -0300

    apagar h1

commit 5921284d2d601457a08ec700f0f0ed853195a285
Author: fabioauriani <fabioauriani@gmail.com>
Date:   Thu Jan 30 19:32:31 2025 -0300

    Revert "alteração6"

    This reverts commit fc2ce1e76893d09c168fee96526386c884a864a8.

commit fc2ce1e76893d09c168fee96526386c884a864a8
Author: fabioauriani <fabioauriani@gmail.com>
Date:   Thu Jan 30 19:30:49 2025 -0300

    alteração6

commit e365efa84f60bcf40b100d33b186bfe53e5d6bc2
Merge: 789573b ff66e15
Author: fabioauriani <fabioauriani@gmail.com>
Date:   Thu Jan 30 18:45:29 2025 -0300
commit 34644785be27697490fe5ee22f9651a622268c32 (HEAD -> main, origin/main)
Author: fabioauriani <fabioauriani@gmail.com>
Date:   Thu Jan 30 19:37:45 2025 -0300

    apagar h1

commit 5921284d2d601457a08ec700f0f0ed853195a285
Author: fabioauriani <fabioauriani@gmail.com>
Date:   Thu Jan 30 19:32:31 2025 -0300

    Revert "alteração6"

    This reverts commit fc2ce1e76893d09c168fee96526386c884a864a8.

commit fc2ce1e76893d09c168fee96526386c884a864a8
Author: fabioauriani <fabioauriani@gmail.com>
Date:   Thu Jan 30 19:30:49 2025 -0300

    alteração6

commit e365efa84f60bcf40b100d33b186bfe53e5d6bc2
Merge: 789573b ff66e15
Author: fabioauriani <fabioauriani@gmail.com>
Date:   Thu Jan 30 18:45:29 2025 -0300

    Merge branch 'main' of https://github.com/fabioauriani/Projeto_inicial
commit 34644785be27697490fe5ee22f9651a622268c32 (HEAD -> main, origin/main)
Author: fabioauriani <fabioauriani@gmail.com>
Date:   Thu Jan 30 19:37:45 2025 -0300

    apagar h1

commit 5921284d2d601457a08ec700f0f0ed853195a285
Author: fabioauriani <fabioauriani@gmail.com>
Date:   Thu Jan 30 19:32:31 2025 -0300

    Revert "alteração6"

    This reverts commit fc2ce1e76893d09c168fee96526386c884a864a8.

commit fc2ce1e76893d09c168fee96526386c884a864a8
Author: fabioauriani <fabioauriani@gmail.com>
Date:   Thu Jan 30 19:30:49 2025 -0300

    alteração6

commit e365efa84f60bcf40b100d33b186bfe53e5d6bc2
Merge: 789573b ff66e15
Author: fabioauriani <fabioauriani@gmail.com>
Date:   Thu Jan 30 18:45:29 2025 -0300

    Merge branch 'main' of https://github.com/fabioauriani/Projeto_inicial

commit 34644785be27697490fe5ee22f9651a622268c32 (HEAD -> main, origin/main)
Author: fabioauriani <fabioauriani@gmail.com>
Date:   Thu Jan 30 19:37:45 2025 -0300

    apagar h1

commit 5921284d2d601457a08ec700f0f0ed853195a285
Author: fabioauriani <fabioauriani@gmail.com>
Date:   Thu Jan 30 19:32:31 2025 -0300

    Revert "alteração6"

    This reverts commit fc2ce1e76893d09c168fee96526386c884a864a8.

commit fc2ce1e76893d09c168fee96526386c884a864a8
Author: fabioauriani <fabioauriani@gmail.com>
Date:   Thu Jan 30 19:30:49 2025 -0300

    alteração6

commit e365efa84f60bcf40b100d33b186bfe53e5d6bc2
Merge: 789573b ff66e15
Author: fabioauriani <fabioauriani@gmail.com>
Date:   Thu Jan 30 18:45:29 2025 -0300

    Merge branch 'main' of https://github.com/fabioauriani/Projeto_inicial

commit 789573b1d3284bff3bfd28884c7e89a768a8bd78
commit 34644785be27697490fe5ee22f9651a622268c32 (HEAD -> main, origin/main)
Author: fabioauriani <fabioauriani@gmail.com>
Date:   Thu Jan 30 19:37:45 2025 -0300

    apagar h1

commit 5921284d2d601457a08ec700f0f0ed853195a285
Author: fabioauriani <fabioauriani@gmail.com>
Date:   Thu Jan 30 19:32:31 2025 -0300

    Revert "alteração6"

    This reverts commit fc2ce1e76893d09c168fee96526386c884a864a8.

commit fc2ce1e76893d09c168fee96526386c884a864a8
Author: fabioauriani <fabioauriani@gmail.com>
Date:   Thu Jan 30 19:30:49 2025 -0300

    alteração6

commit e365efa84f60bcf40b100d33b186bfe53e5d6bc2
Merge: 789573b ff66e15
Author: fabioauriani <fabioauriani@gmail.com>
Date:   Thu Jan 30 18:45:29 2025 -0300

    Merge branch 'main' of https://github.com/fabioauriani/Projeto_inicial

commit 789573b1d3284bff3bfd28884c7e89a768a8bd78
Author: fabioauriani <fabioauriani@gmail.com>
Date:   Thu Jan 30 18:43:49 2025 -0300
commit 34644785be27697490fe5ee22f9651a622268c32 (HEAD -> main, origin/main)
Author: fabioauriani <fabioauriani@gmail.com>
Date:   Thu Jan 30 19:37:45 2025 -0300

    apagar h1

commit 5921284d2d601457a08ec700f0f0ed853195a285
Author: fabioauriani <fabioauriani@gmail.com>
Date:   Thu Jan 30 19:32:31 2025 -0300

    Revert "alteração6"

    This reverts commit fc2ce1e76893d09c168fee96526386c884a864a8.

commit fc2ce1e76893d09c168fee96526386c884a864a8
Author: fabioauriani <fabioauriani@gmail.com>
Date:   Thu Jan 30 19:30:49 2025 -0300

    alteração6

commit e365efa84f60bcf40b100d33b186bfe53e5d6bc2
Merge: 789573b ff66e15
Author: fabioauriani <fabioauriani@gmail.com>
Date:   Thu Jan 30 18:45:29 2025 -0300

    Merge branch 'main' of https://github.com/fabioauriani/Projeto_inicial

commit 789573b1d3284bff3bfd28884c7e89a768a8bd78
Author: fabioauriani <fabioauriani@gmail.com>
Date:   Thu Jan 30 18:43:49 2025 -0300

    alteração5
:...skipping...
commit 34644785be27697490fe5ee22f9651a622268c32 (HEAD -> main, origin/main)
Author: fabioauriani <fabioauriani@gmail.com>
Date:   Thu Jan 30 19:37:45 2025 -0300

    apagar h1

commit 5921284d2d601457a08ec700f0f0ed853195a285
Author: fabioauriani <fabioauriani@gmail.com>
Date:   Thu Jan 30 19:32:31 2025 -0300

    Revert "alteração6"

    This reverts commit fc2ce1e76893d09c168fee96526386c884a864a8.

commit fc2ce1e76893d09c168fee96526386c884a864a8
Author: fabioauriani <fabioauriani@gmail.com>
Date:   Thu Jan 30 19:30:49 2025 -0300

    alteração6

commit e365efa84f60bcf40b100d33b186bfe53e5d6bc2
Merge: 789573b ff66e15
Author: fabioauriani <fabioauriani@gmail.com>
Date:   Thu Jan 30 18:45:29 2025 -0300

    Merge branch 'main' of https://github.com/fabioauriani/Projeto_inicial

commit 789573b1d3284bff3bfd28884c7e89a768a8bd78
Author: fabioauriani <fabioauriani@gmail.com>
Date:   Thu Jan 30 18:43:49 2025 -0300

    alteração5

commit ff66e155a227693eb15ddad15d12c134631c3923
:...skipping...
commit 34644785be27697490fe5ee22f9651a622268c32 (HEAD -> main, origin/main)
Author: fabioauriani <fabioauriani@gmail.com>
Date:   Thu Jan 30 19:37:45 2025 -0300

commit 34644785be27697490fe5ee22f9651a622268c32 (HEAD -> main, origin/main)
Author: fabioauriani <fabioauriani@gmail.com>
Date:   Thu Jan 30 19:37:45 2025 -0300

    apagar h1

commit 5921284d2d601457a08ec700f0f0ed853195a285
Author: fabioauriani <fabioauriani@gmail.com>
Date:   Thu Jan 30 19:32:31 2025 -0300

    Revert "alteração6"

    This reverts commit fc2ce1e76893d09c168fee96526386c884a864a8.

commit fc2ce1e76893d09c168fee96526386c884a864a8
Author: fabioauriani <fabioauriani@gmail.com>
Date:   Thu Jan 30 19:30:49 2025 -0300

    alteração6

commit e365efa84f60bcf40b100d33b186bfe53e5d6bc2
Merge: 789573b ff66e15
Author: fabioauriani <fabioauriani@gmail.com>
Date:   Thu Jan 30 18:45:29 2025 -0300

    Merge branch 'main' of https://github.com/fabioauriani/Projeto_inicial

commit 789573b1d3284bff3bfd28884c7e89a768a8bd78
Author: fabioauriani <fabioauriani@gmail.com>
Date:   Thu Jan 30 18:43:49 2025 -0300

    alteração5

commit ff66e155a227693eb15ddad15d12c134631c3923
Author: fabioauriani <fabioauriani@gmail.com>
(base) PS F:\Programação e projetos\ONE - ALURA\One Alura projetos\3386-git-github-projeto_inicial> git reset --hard 5921284d2d601457a08ec700f0f0ed853195a285
HEAD is now at 5921284 Revert "alteração6"
(base) PS F:\Programação e projetos\ONE - ALURA\One Alura projetos\3386-git-github-projeto_inicial> git log
commit 5921284d2d601457a08ec700f0f0ed853195a285 (HEAD -> main)
Author: fabioauriani <fabioauriani@gmail.com>
Date:   Thu Jan 30 19:32:31 2025 -0300

    Revert "alteração6"

    This reverts commit fc2ce1e76893d09c168fee96526386c884a864a8.

commit fc2ce1e76893d09c168fee96526386c884a864a8
Author: fabioauriani <fabioauriani@gmail.com>
Date:   Thu Jan 30 19:30:49 2025 -0300

    alteração6

commit e365efa84f60bcf40b100d33b186bfe53e5d6bc2
Merge: 789573b ff66e15
Author: fabioauriani <fabioauriani@gmail.com>
Date:   Thu Jan 30 18:45:29 2025 -0300

    Merge branch 'main' of https://github.com/fabioauriani/Projeto_inicial
commit 5921284d2d601457a08ec700f0f0ed853195a285 (HEAD -> main)
commit 5921284d2d601457a08ec700f0f0ed853195a285 (HEAD -> main)
commit 5921284d2d601457a08ec700f0f0ed853195a285 (HEAD -> main)
commit 5921284d2d601457a08ec700f0f0ed853195a285 (HEAD -> main)
commit 5921284d2d601457a08ec700f0f0ed853195a285 (HEAD -> main)
commit 5921284d2d601457a08ec700f0f0ed853195a285 (HEAD -> main)
commit 5921284d2d601457a08ec700f0f0ed853195a285 (HEAD -> main)
Author: fabioauriani <fabioauriani@gmail.com>
Author: fabioauriani <fabioauriani@gmail.com>

commit 5921284d2d601457a08ec700f0f0ed853195a285 (HEAD -> main)
commit 5921284d2d601457a08ec700f0f0ed853195a285 (HEAD -> main)
commit 5921284d2d601457a08ec700f0f0ed853195a285 (HEAD -> main)
commit 5921284d2d601457a08ec700f0f0ed853195a285 (HEAD -> main)
commit 5921284d2d601457a08ec700f0f0ed853195a285 (HEAD -> main)
commit 5921284d2d601457a08ec700f0f0ed853195a285 (HEAD -> main)
Author: fabioauriani <fabioauriani@gmail.com>
Author: fabioauriani <fabioauriani@gmail.com>

commit 5921284d2d601457a08ec700f0f0ed853195a285 (HEAD -> main)
commit 5921284d2d601457a08ec700f0f0ed853195a285 (HEAD -> main)
commit 5921284d2d601457a08ec700f0f0ed853195a285 (HEAD -> main)
commit 5921284d2d601457a08ec700f0f0ed853195a285 (HEAD -> main)
commit 5921284d2d601457a08ec700f0f0ed853195a285 (HEAD -> main)
commit 5921284d2d601457a08ec700f0f0ed853195a285 (HEAD -> main)
commit 5921284d2d601457a08ec700f0f0ed853195a285 (HEAD -> main)
commit 5921284d2d601457a08ec700f0f0ed853195a285 (HEAD -> main)
commit 5921284d2d601457a08ec700f0f0ed853195a285 (HEAD -> main)
commit 5921284d2d601457a08ec700f0f0ed853195a285 (HEAD -> main)
commit 5921284d2d601457a08ec700f0f0ed853195a285 (HEAD -> main)
commit 5921284d2d601457a08ec700f0f0ed853195a285 (HEAD -> main)
Author: fabioauriani <fabioauriani@gmail.com>
Date:   Thu Jan 30 19:32:31 2025 -0300

    Revert "alteração6"

    This reverts commit fc2ce1e76893d09c168fee96526386c884a864a8.

commit fc2ce1e76893d09c168fee96526386c884a864a8
Author: fabioauriani <fabioauriani@gmail.com>
Date:   Thu Jan 30 19:30:49 2025 -0300

    alteração6

commit e365efa84f60bcf40b100d33b186bfe53e5d6bc2
(base) PS F:\Programação e projetos\ONE - ALURA\One Alura projetos\3386-git-github-projeto_inicial> git status                  
On branch main
Your branch is ahead of 'origin/main' by 1 commit.
  (use "git push" to publish your local commits)

nothing to commit, working tree clean
(base) PS F:\Programação e projetos\ONE - ALURA\One Alura projetos\3386-git-github-projeto_inicial> git status
On branch main
Your branch is up to date with 'origin/main'.

nothing to commit, working tree clean
(base) PS F:\Programação e projetos\ONE - ALURA\One Alura projetos\3386-git-github-projeto_inicial> git log
commit b4a20befc1254b715069f6361ab83fafa7341b55 (HEAD -> main, origin/main)
Author: fabioauriani <fabioauriani@gmail.com>
Date:   Thu Jan 30 19:42:16 2025 -0300

    alteração7

commit 34644785be27697490fe5ee22f9651a622268c32
commit b4a20befc1254b715069f6361ab83fafa7341b55 (HEAD -> main, origin/main)
Author: fabioauriani <fabioauriani@gmail.com>
Date:   Thu Jan 30 19:42:16 2025 -0300

    alteração7

commit 34644785be27697490fe5ee22f9651a622268c32
Author: fabioauriani <fabioauriani@gmail.com>
Date:   Thu Jan 30 19:37:45 2025 -0300

    apagar h1

commit 5921284d2d601457a08ec700f0f0ed853195a285
Author: fabioauriani <fabioauriani@gmail.com>
Date:   Thu Jan 30 19:32:31 2025 -0300

    Revert "alteração6"

commit 5921284d2d601457a08ec700f0f0ed853195a285
Author: fabioauriani <fabioauriani@gmail.com>
Date:   Thu Jan 30 19:32:31 2025 -0300

    Revert "alteração6"

    This reverts commit fc2ce1e76893d09c168fee96526386c884a864a8.

commit fc2ce1e76893d09c168fee96526386c884a864a8
Author: fabioauriani <fabioauriani@gmail.com>
Date:   Thu Jan 30 19:30:49 2025 -0300

    alteração6

commit e365efa84f60bcf40b100d33b186bfe53e5d6bc2
(base) PS F:\Programação e projetos\ONE - ALURA\One Alura projetos\3386-git-github-projeto_inicial> git reset --hard fc2ce1e76893d09c168fee96526386c884a864a8
HEAD is now at fc2ce1e alteração6
(base) PS F:\Programação e projetos\ONE - ALURA\One Alura projetos\3386-git-github-projeto_inicial> git log
commit b4a20befc1254b715069f6361ab83fafa7341b55 (HEAD -> main, origin/main)
Author: fabioauriani <fabioauriani@gmail.com>
Date:   Thu Jan 30 19:42:16 2025 -0300

    alteração7

commit 34644785be27697490fe5ee22f9651a622268c32
commit b4a20befc1254b715069f6361ab83fafa7341b55 (HEAD -> main, origin/main)
commit b4a20befc1254b715069f6361ab83fafa7341b55 (HEAD -> main, origin/main)
Author: fabioauriani <fabioauriani@gmail.com>
Date:   Thu Jan 30 19:42:16 2025 -0300

    alteração7

commit 34644785be27697490fe5ee22f9651a622268c32
Author: fabioauriani <fabioauriani@gmail.com>
Date:   Thu Jan 30 19:37:45 2025 -0300

    apagar h1

commit 5921284d2d601457a08ec700f0f0ed853195a285
Author: fabioauriani <fabioauriani@gmail.com>
Date:   Thu Jan 30 19:32:31 2025 -0300
(base) PS F:\Programação e projetos\ONE - ALURA\One Alura projetos\3386-git-github-projeto_inicial> git status
On branch main
Your branch is up to date with 'origin/main'.

nothing to commit, working tree clean
(base) PS F:\Programação e projetos\ONE - ALURA\One Alura projetos\3386-git-github-projeto_inicial> git log
commit b4a20befc1254b715069f6361ab83fafa7341b55 (HEAD -> main, origin/main)
Author: fabioauriani <fabioauriani@gmail.com>
Date:   Thu Jan 30 19:42:16 2025 -0300

    alteração7

commit 34644785be27697490fe5ee22f9651a622268c32
Author: fabioauriani <fabioauriani@gmail.com>
Date:   Thu Jan 30 19:37:45 2025 -0300

commit b4a20befc1254b715069f6361ab83fafa7341b55 (HEAD -> main, origin/main)
Author: fabioauriani <fabioauriani@gmail.com>
Date:   Thu Jan 30 19:42:16 2025 -0300

    alteração7

commit 34644785be27697490fe5ee22f9651a622268c32
Author: fabioauriani <fabioauriani@gmail.com>
Date:   Thu Jan 30 19:37:45 2025 -0300

    apagar h1

commit 5921284d2d601457a08ec700f0f0ed853195a285
Author: fabioauriani <fabioauriani@gmail.com>
Date:   Thu Jan 30 19:32:31 2025 -0300

    Revert "alteração6"

    This reverts commit fc2ce1e76893d09c168fee96526386c884a864a8.

commit fc2ce1e76893d09c168fee96526386c884a864a8
Author: fabioauriani <fabioauriani@gmail.com>
Date:   Thu Jan 30 19:30:49 2025 -0300

    alteração6

commit e365efa84f60bcf40b100d33b186bfe53e5d6bc2
Merge: 789573b ff66e15
Author: fabioauriani <fabioauriani@gmail.com>
Date:   Thu Jan 30 18:45:29 2025 -0300

    Merge branch 'main' of https://github.com/fabioauriani/Projeto_inicial

...skipping...
(base) PS F:\Programação e projetos\ONE - ALURA\One Alura projetos\3386-git-github-projeto_inicial> git pull
(base) PS F:\Programação e projetos\ONE - ALURA\One Alura projetos\3386-git-github-projeto_inicial> git pull
(base) PS F:\Programação e projetos\ONE - ALURA\One Alura projetos\3386-git-github-projeto_inicial> git pull
(base) PS F:\Programação e projetos\ONE - ALURA\One Alura projetos\3386-git-github-projeto_inicial> git pull
remote: Enumerating objects: 31, done.
remote: Counting objects: 100% (31/31), done.
remote: Compressing objects: 100% (25/25), done.
remote: Total 30 (delta 13), reused 0 (delta 0), pack-reused 0 (from 0)
Unpacking objects: 100% (30/30), 9.12 KiB | 8.00 KiB/s, done.
From https://github.com/fabioauriani/Projeto_inicial
   b4a20be..66b8a6c  main       -> origin/main
Updating b4a20be..66b8a6c
Fast-forward
 .github/workflows/main.yml |  1 +
 Arquivo.txt                |  1 +
 README.md                  | 23 +++++++++++++++++++++++
 3 files changed, 25 insertions(+)
 create mode 100644 .github/workflows/main.yml
 create mode 100644 Arquivo.txt
 create mode 100644 README.md
(base) PS F:\Programação e projetos\ONE - ALURA\One Alura projetos\3386-git-github-projeto_inicial> git log
commit 66b8a6c2969f29c5aa60a6daa2046ca023d54692 (HEAD -> main, origin/main)
Author: fabioauriani <121516957+fabioauriani@users.noreply.github.com>
Date:   Thu Jan 30 21:35:29 2025 -0300

    Create Arquivo.txt

commit b388728bfebc2f2ac8f9b58d696a7165c20f9c42
Author: fabioauriani <121516957+fabioauriani@users.noreply.github.com>
Date:   Thu Jan 30 21:31:05 2025 -0300

    Update main.yml

commit 64998b1769362fb6cf398641f60f826a7e209605
Author: fabioauriani <121516957+fabioauriani@users.noreply.github.com>
Date:   Thu Jan 30 21:25:13 2025 -0300

    Update README.md

commit 4f7362981f36269dea917d3802e53f4c8a08b791
Author: fabioauriani <121516957+fabioauriani@users.noreply.github.com>
Date:   Thu Jan 30 21:16:01 2025 -0300

    Create main.yml

commit a257ca680652a022d1d2bb87aba3c797e67fbe85
Author: fabioauriani <121516957+fabioauriani@users.noreply.github.com>
Date:   Thu Jan 30 21:14:07 2025 -0300

    Update README.md

commit d170c15d320ea8a1001a592fd9df559c6cc3e180
Author: fabioauriani <121516957+fabioauriani@users.noreply.github.com>
Date:   Thu Jan 30 21:08:00 2025 -0300

    Update README.md

commit 935c875748b2bf84e0d8963ffb6d6ebb1c3ca601
Author: fabioauriani <121516957+fabioauriani@users.noreply.github.com>
Date:   Thu Jan 30 20:13:23 2025 -0300

    Update README.md

commit b3a7d81622fc5d534cc0d6b8d014838d065dace7
Author: fabioauriani <121516957+fabioauriani@users.noreply.github.com>
Date:   Thu Jan 30 20:12:54 2025 -0300

    Update README.md

commit a47c8e7265aa10676d9195c0b414516e6f1cde93
Author: fabioauriani <121516957+fabioauriani@users.noreply.github.com>
Date:   Thu Jan 30 20:12:32 2025 -0300

    Create README.md

commit b4a20befc1254b715069f6361ab83fafa7341b55
Author: fabioauriani <fabioauriani@gmail.com>
Date:   Thu Jan 30 19:42:16 2025 -0300

    alteração7

commit 34644785be27697490fe5ee22f9651a622268c32
Author: fabioauriani <fabioauriani@gmail.com>
Date:   Thu Jan 30 19:37:45 2025 -0300

    apagar h1

commit 5921284d2d601457a08ec700f0f0ed853195a285
Author: fabioauriani <fabioauriani@gmail.com>
Date:   Thu Jan 30 19:32:31 2025 -0300

    Revert "alteração6"

    This reverts commit fc2ce1e76893d09c168fee96526386c884a864a8.

commit fc2ce1e76893d09c168fee96526386c884a864a8
Author: fabioauriani <fabioauriani@gmail.com>
Date:   Thu Jan 30 19:30:49 2025 -0300

    alteração6

commit e365efa84f60bcf40b100d33b186bfe53e5d6bc2
Merge: 789573b ff66e15
Author: fabioauriani <fabioauriani@gmail.com>
Date:   Thu Jan 30 18:45:29 2025 -0300

    Merge branch 'main' of https://github.com/fabioauriani/Projeto_inicial

commit 789573b1d3284bff3bfd28884c7e89a768a8bd78
Author: fabioauriani <fabioauriani@gmail.com>
Date:   Thu Jan 30 18:43:49 2025 -0300

    alteração5

commit ff66e155a227693eb15ddad15d12c134631c3923
Author: fabioauriani <fabioauriani@gmail.com>
Date:   Thu Jan 30 18:43:49 2025 -0300

    alteração4

commit 325b0ebb4bd33f6eee5f134eb9bf2713d41cface
Merge: 8d932a5 edb0d21
Author: fabioauriani <fabioauriani@gmail.com>
Date:   Thu Jan 30 17:59:43 2025 -0300

    Merge branch 'main' of https://github.com/fabioauriani/Projeto_inicial

commit 8d932a59d5b6a0c7b6ee16c43ad3e4441b19fbfb
Author: fabioauriani <fabioauriani@gmail.com>
Date:   Thu Jan 30 17:55:03 2025 -0300

    alteração 3

commit edb0d21d350f71e6bbaae1a95c5ed66bd7b0769d
Author: fabioauriani <121516957+fabioauriani@users.noreply.github.com>
Date:   Thu Jan 30 17:54:00 2025 -0300

    Update index.html

commit ccbfb000638f96e0f5e0be7fd3b1da83b7c921f4
Author: fabioauriani <121516957+fabioauriani@users.noreply.github.com>
Date:   Thu Jan 30 17:53:09 2025 -0300

    Update app.js

commit dba2947fbf27cfd68204c8d26c2c484de95c7077
Author: fabioauriani <fabioauriani@gmail.com>
Date:   Thu Jan 30 17:46:14 2025 -0300

    alteração

commit d1d7ba8ab51e2a8d16a46d62b0fc5e2b16fed81d
Author: fabioauriani <fabioauriani@gmail.com>
Date:   Thu Jan 30 17:41:56 2025 -0300

    inicio
(END)
